2026-08-17T05:56:48+00:00 ok procs=1 running=2 depth=0
2026-08-17T05:57:08+00:00 ok procs=1 running=2 depth=0
2026-08-17T06:07:09+00:00 host unreachable — retrying next tick, concluding nothing
2026-08-17T06:17:10+00:00 ok procs=1 running=4 depth=0
2026-08-17T06:27:12+00:00 ok procs=1 running=4 depth=0
2026-08-17T06:37:13+00:00 ok procs=5 running=8 depth=0
2026-08-17T06:47:15+00:00 ok procs=1 running=4 depth=1
2026-08-17T06:57:16+00:00 ok procs=1 running=5 depth=1
2026-08-17T07:06:52+00:00 ok procs=1 running=5 depth=1
2026-08-17T07:07:09+00:00 ok procs=1 running=5 depth=1
2026-08-17T07:17:09+00:00 ok procs=1 running=7 depth=0
2026-08-17T07:27:09+00:00 ok procs=1 running=6 depth=1
2026-08-17T07:27:19+00:00 ok procs=1 running=6 depth=1
2026-08-17T07:27:37+00:00 ok procs=1 running=0 depth=0
2026-08-17T07:27:43+00:00 ok procs=1 running=0 depth=0
2026-08-17T07:27:51+00:00 ok procs=1 running=0 depth=0
2026-08-17T07:28:41+00:00 TOPPING UP: 1 running but only 0 job(s) queued against capacity 4 (free=['3', '4', '7']) — staging so the fleet does not drain
2026-08-17T07:28:41+00:00 STAGED calibration wave guard_0817_072841 on GPUs [3, 4, 7] (free=['3', '4', '7'])
2026-08-17T07:28:42+00:00 ok procs=1 running=0 depth=3
2026-08-17T07:38:42+00:00 RESTARTED pool
2026-08-17T07:38:43+00:00 ok procs=1 running=0 depth=3 (pool restarted)
2026-08-17T07:39:55+00:00 TOPPING UP: 6 running but only 3 job(s) queued against capacity 6 (free=[]) — staging so the fleet does not drain
2026-08-17T07:39:55+00:00 TOPPING UP: 4 running but only 3 job(s) queued against capacity 4 (free=[]) — staging so the fleet does not drain
2026-08-17T07:39:55+00:00 STAGE FAILED guard_0817_073955: 
2026-08-17T07:39:55+00:00 STAGED calibration wave guard_0817_073955 on GPUs [0, 3, 4, 7] (free=[])
2026-08-17T07:49:55+00:00 ok procs=3 running=4 depth=0
